
Running 9 tests using 6 workers

[1A[2K[1/9] [chromium] › demo/demo-review.spec.ts:88:3 › ShopFast - Orders and Reviews Management › should mark Mike Rodriguez review as helpful
[1A[2K[2/9] [chromium] › demo/demo-review.spec.ts:152:3 › ShopFast - Orders and Reviews Management › should interact with all reviews systematically
[1A[2K[3/9] [chromium] › demo/demo-review.spec.ts:200:3 › ShopFast - Orders and Reviews Management › should filter orders by status
[1A[2K[4/9] [chromium] › demo/demo-review.spec.ts:124:3 › ShopFast - Orders and Reviews Management › should report Emily Chen review
[1A[2K[5/9] [chromium] › demo/demo-review.spec.ts:29:3 › ShopFast - Orders and Reviews Management › should track specific order by order number
[1A[2K[6/9] [chromium] › demo/demo-review.spec.ts:60:3 › ShopFast - Orders and Reviews Management › should view details of shipped order
[1A[2K[7/9] [chromium] › demo/demo-review.spec.ts:230:3 › ShopFast - Orders and Reviews Management › should interact with multi-item order
[1A[2K[8/9] [chromium] › demo/demo-review.spec.ts:259:3 › ShopFast - Orders and Reviews Management › should verify review metadata and actions
[1A[2K[9/9] [chromium] › demo/demo-review.spec.ts:289:3 › ShopFast - Orders and Reviews Management › should handle order status badges correctly
[1A[2K  1) [chromium] › demo/demo-review.spec.ts:60:3 › ShopFast - Orders and Reviews Management › should view details of shipped order 

    [31mTest timeout of 30000ms exceeded.[39m

    Error: locator.click: Test timeout of 30000ms exceeded.
    Call log:
    [2m  - waiting for locator('div.border.rounded-lg.p-4').filter({ hasText: 'Order #ORD-2024-1198' }).getByRole('button', { name: 'View Details' })[22m
    [2m    - locator resolved to <button class="flex-1 bg-blue-500 text-white py-2 rounded-lg hover:bg-blue-600">View Details</button>[22m
    [2m  - attempting click action[22m
    [2m    - waiting for element to be visible, enabled and stable[22m
    [2m    - element is visible, enabled and stable[22m
    [2m    - scrolling into view if needed[22m
    [2m    - done scrolling[22m
    [2m    - <div class="flex gap-4 pb-4 border-b">…</div> from <div class="fixed right-0 top-0 h-screen w-96 bg-white shadow-2xl border-l flex flex-col">…</div> subtree intercepts pointer events[22m
    [2m  - retrying click action[22m
    [2m    - waiting for element to be visible, enabled and stable[22m
    [2m    - element is visible, enabled and stable[22m
    [2m    - scrolling into view if needed[22m
    [2m    - done scrolling[22m
    [2m    - <button class="w-full border border-gray-300 text-gray-700 py-3 rounded-lg font-semibold hover:bg-gray-50">Continue Shopping</button> from <div class="fixed right-0 top-0 h-screen w-96 bg-white shadow-2xl border-l flex flex-col">…</div> subtree intercepts pointer events[22m
    [2m  - retrying click action[22m
    [2m    - waiting 20ms[22m
    [2m    2 × waiting for element to be visible, enabled and stable[22m
    [2m      - element is visible, enabled and stable[22m
    [2m      - scrolling into view if needed[22m
    [2m      - done scrolling[22m
    [2m      - <div class="flex gap-4 pb-4 border-b">…</div> from <div class="fixed right-0 top-0 h-screen w-96 bg-white shadow-2xl border-l flex flex-col">…</div> subtree intercepts pointer events[22m
    [2m    - retrying click action[22m
    [2m      - waiting 100ms[22m
    [2m    13 × waiting for element to be visible, enabled and stable[22m
    [2m       - element is visible, enabled and stable[22m
    [2m       - scrolling into view if needed[22m
    [2m       - done scrolling[22m
    [2m       - <div class="flex gap-4 pb-4 border-b">…</div> from <div class="fixed right-0 top-0 h-screen w-96 bg-white shadow-2xl border-l flex flex-col">…</div> subtree intercepts pointer events[22m
    [2m     - retrying click action[22m
    [2m       - waiting 500ms[22m
    [2m       - waiting for element to be visible, enabled and stable[22m
    [2m       - element is visible, enabled and stable[22m
    [2m       - scrolling into view if needed[22m
    [2m       - done scrolling[22m
    [2m       - <button class="w-full border border-gray-300 text-gray-700 py-3 rounded-lg font-semibold hover:bg-gray-50">Continue Shopping</button> from <div class="fixed right-0 top-0 h-screen w-96 bg-white shadow-2xl border-l flex flex-col">…</div> subtree intercepts pointer events[22m
    [2m     - retrying click action[22m
    [2m       - waiting 500ms[22m
    [2m       - waiting for element to be visible, enabled and stable[22m
    [2m       - element is visible, enabled and stable[22m
    [2m       - scrolling into view if needed[22m
    [2m       - done scrolling[22m
    [2m       - <div class="flex gap-4 pb-4 border-b">…</div> from <div class="fixed right-0 top-0 h-screen w-96 bg-white shadow-2xl border-l flex flex-col">…</div> subtree intercepts pointer events[22m
    [2m     - retrying click action[22m
    [2m       - waiting 500ms[22m
    [2m       - waiting for element to be visible, enabled and stable[22m
    [2m       - element is visible, enabled and stable[22m
    [2m       - scrolling into view if needed[22m
    [2m       - done scrolling[22m
    [2m       - <div class="flex gap-4 pb-4 border-b">…</div> from <div class="fixed right-0 top-0 h-screen w-96 bg-white shadow-2xl border-l flex flex-col">…</div> subtree intercepts pointer events[22m
    [2m     - retrying click action[22m
    [2m       - waiting 500ms[22m
    [2m    - waiting for element to be visible, enabled and stable[22m
    [2m    - element is visible, enabled and stable[22m
    [2m    - scrolling into view if needed[22m
    [2m    - done scrolling[22m
    [2m    - <div class="flex gap-4 pb-4 border-b">…</div> from <div class="fixed right-0 top-0 h-screen w-96 bg-white shadow-2xl border-l flex flex-col">…</div> subtree intercepts pointer events[22m
    [2m  - retrying click action[22m
    [2m    - waiting 500ms[22m
    [2m    - waiting for element to be visible, enabled and stable[22m
    [2m    - element is visible, enabled and stable[22m
    [2m    - scrolling into view if needed[22m
    [2m    - done scrolling[22m
    [2m    - <button class="w-full border border-gray-300 text-gray-700 py-3 rounded-lg font-semibold hover:bg-gray-50">Continue Shopping</button> from <div class="fixed right-0 top-0 h-screen w-96 bg-white shadow-2xl border-l flex flex-col">…</div> subtree intercepts pointer events[22m
    [2m  - retrying click action[22m
    [2m    - waiting 500ms[22m
    [2m    - waiting for element to be visible, enabled and stable[22m
    [2m    - element is visible, enabled and stable[22m
    [2m    - scrolling into view if needed[22m
    [2m    - done scrolling[22m
    [2m    - <div class="flex gap-4 pb-4 border-b">…</div> from <div class="fixed right-0 top-0 h-screen w-96 bg-white shadow-2xl border-l flex flex-col">…</div> subtree intercepts pointer events[22m
    [2m  - retrying click action[22m
    [2m    - waiting 500ms[22m


      75 |     await expect(viewDetailsButton).toHaveCount(1);
      76 |     await expect(viewDetailsButton).toBeVisible();
    > 77 |     await viewDetailsButton.click();
         |                             ^
      78 |
      79 |     // Verify we're looking at the correct order (Shipped status)
      80 |     const orderCard = page
        at /Users/johnchildseddy/Desktop/testnexus-codebase/TESTING/verdex-mcp/demo/demo-review.spec.ts:77:29

    attachment #1: screenshot (image/png) ──────────────────────────────────────────────────────────
    test-results/demo-demo-review-ShopFast--a1fb8-ew-details-of-shipped-order-chromium/test-failed-1.png
    ────────────────────────────────────────────────────────────────────────────────────────────────

    Error Context: test-results/demo-demo-review-ShopFast--a1fb8-ew-details-of-shipped-order-chromium/error-context.md


[1A[2K  1 failed
    [chromium] › demo/demo-review.spec.ts:60:3 › ShopFast - Orders and Reviews Management › should view details of shipped order 
  8 passed (30.8s)

  Serving HTML report at http://localhost:50364. Press Ctrl+C to quit.
